automerge: false
parallel_apply: true
parallel_plan: true
projects:
- autoplan:
    enabled: false
    when_modified:
    - '*.hcl'
    - '*.tf*'
    - '*.tofu*'
  dir: defaultWorkflow
- autoplan:
    enabled: false
    when_modified:
    - '*.hcl'
    - '*.tf*'
    - '*.tofu*'
  dir: workflowA
  workflow: workflowA
- autoplan:
    enabled: false
    when_modified:
    - '*.hcl'
    - '*.tf*'
    - '*.tofu*'
  dir: workflowB
  workflow: workflowB
version: 3
