automerge: false
parallel_apply: true
parallel_plan: true
projects:
- autoplan:
    enabled: false
    when_modified:
    - '*.hcl'
    - '*.tf*'
    - '*.tofu*'
    - ../terragrunt.hcl
    - ../common/terragrunt.hcl
    - ../dependency/terragrunt.hcl
  dir: child
- autoplan:
    enabled: false
    when_modified:
    - '*.hcl'
    - '*.tf*'
    - '*.tofu*'
    - ../terragrunt.hcl
  dir: dependency
version: 3
